// Jest Snapshot v1, https://goo.gl/fbAQLP

exports[`Review displays a review should render 1`] = `
<div
  className="review-wrap"
  style={
    Object {
      "animationDelay": "0.25s",
    }
  }
>
  <p
    className="top-line"
  >
    User #111 says:
  </p>
  <p
    className="review-text"
  >
    Cheap and friendly.
  </p>
  <div>
    <svg
      fill="#185263"
      height="24"
      stroke="#000"
      viewBox="0 0 24 24"
      width="24"
      xmlns="http://www.w3.org/2000/svg"
    >
      <path
        d="M12 17.27L18.18 21l-1.64-7.03L22 9.24l-7.19-.61L12 2 9.19 8.63 2 9.24l5.46 4.73L5.82 21z"
      />
    </svg>
    <svg
      fill="#185263"
      height="24"
      stroke="#000"
      viewBox="0 0 24 24"
      width="24"
      xmlns="http://www.w3.org/2000/svg"
    >
      <path
        d="M12 17.27L18.18 21l-1.64-7.03L22 9.24l-7.19-.61L12 2 9.19 8.63 2 9.24l5.46 4.73L5.82 21z"
      />
    </svg>
    <svg
      fill="#185263"
      height="24"
      stroke="#000"
      viewBox="0 0 24 24"
      width="24"
      xmlns="http://www.w3.org/2000/svg"
    >
      <path
        d="M12 17.27L18.18 21l-1.64-7.03L22 9.24l-7.19-.61L12 2 9.19 8.63 2 9.24l5.46 4.73L5.82 21z"
      />
    </svg>
    <svg
      fill="#185263"
      height="24"
      stroke="#000"
      viewBox="0 0 24 24"
      width="24"
      xmlns="http://www.w3.org/2000/svg"
    >
      <path
        d="M12 17.27L18.18 21l-1.64-7.03L22 9.24l-7.19-.61L12 2 9.19 8.63 2 9.24l5.46 4.73L5.82 21z"
      />
    </svg>
    <svg
      fill="#efefef"
      height="24"
      stroke="#000"
      viewBox="0 0 24 24"
      width="24"
      xmlns="http://www.w3.org/2000/svg"
    >
      <path
        d="M12 17.27L18.18 21l-1.64-7.03L22 9.24l-7.19-.61L12 2 9.19 8.63 2 9.24l5.46 4.73L5.82 21z"
      />
    </svg>
  </div>
</div>
`;
