// Jest Snapshot v1, https://goo.gl/fbAQLP

exports[`SplashComponent should render 1`] = `
<div
  className="sc-bxivhb leFDWK"
>
  <p
    className="sc-bdVaJa fuxuhi"
    id="mobile-title"
  >
    Fair Rents
  </p>
  <p
    className="sc-bwzfXH gllGzP"
    id="mobile-sub"
  >
    Rent reviews for and by renters
  </p>
  <a
    aria-current={false}
    className={undefined}
    href="/search"
    id="big-link"
    onClick={[Function]}
    style={undefined}
  >
    Search for a property now
  </a>
</div>
`;
